LLL                     IIIIIIIII         BBBBBBBBBBBB         LLL                     SSSSSSSSSSSS      TTTTTTTTTTTTTTT
LLL                     IIIIIIIII         BBBBBBBBBBBB         LLL                     SSSSSSSSSSSS      TTTTTTTTTTTTTTT
LLL                     IIIIIIIII         BBBBBBBBBBBB         LLL                     SSSSSSSSSSSS      TTTTTTTTTTTTTTT
LLL                        III            BBB         BBB      LLL                  SSS                        TTT
LLL                        III            BBB         BBB      LLL                  SSS                        TTT
LLL                        III            BBB         BBB      LLL                  SSS                        TTT
LLL                        III            BBB         BBB      LLL                  SSS                        TTT
LLL                        III            BBB         BBB      LLL                  SSS                        TTT
LLL                        III            BBB         BBB      LLL                  SSS                        TTT
LLL                        III            BBBBBBBBBBBB         LLL                     SSSSSSSSS               TTT      
LLL                        III            BBBBBBBBBBBB         LLL                     SSSSSSSSS               TTT      
LLL                        III            BBBBBBBBBBBB         LLL                     SSSSSSSSS               TTT      
LLL                        III            BBB         BBB      LLL                              SSS            TTT
LLL                        III            BBB         BBB      LLL                              SSS            TTT
LLL                        III            BBB         BBB      LLL                              SSS            TTT
LLL                        III            BBB         BBB      LLL                              SSS            TTT
LLL                        III            BBB         BBB      LLL                              SSS            TTT
LLL                        III            BBB         BBB      LLL                              SSS            TTT
LLLLLLLLLLLLLLL         IIIIIIIII         BBBBBBBBBBBB         LLLLLLLLLLLLLLL      SSSSSSSSSSSS               TTT      
LLLLLLLLLLLLLLL         IIIIIIIII         BBBBBBBBBBBB         LLLLLLLLLLLLLLL      SSSSSSSSSSSS               TTT      
LLLLLLLLLLLLLLL         IIIIIIIII         BBBBBBBBBBBB         LLLLLLLLLLLLLLL      SSSSSSSSSSSS               TTT      




LLL                     OOOOOOOOO            GGGGGGGGGGGG
LLL                     OOOOOOOOO            GGGGGGGGGGGG
LLL                     OOOOOOOOO            GGGGGGGGGGGG
LLL                  OOO         OOO      GGG
LLL                  OOO         OOO      GGG
LLL                  OOO         OOO      GGG
LLL                  OOO         OOO      GGG
LLL                  OOO         OOO      GGG
LLL                  OOO         OOO      GGG
LLL                  OOO         OOO      GGG
LLL                  OOO         OOO      GGG
LLL                  OOO         OOO      GGG
LLL                  OOO         OOO      GGG
LLL                  OOO         OOO      GGG   GGGGGGGGG
LLL                  OOO         OOO      GGG   GGGGGGGGG
LLL                  OOO         OOO      GGG   GGGGGGGGG
LLL                  OOO         OOO      GGG         GGG
LLL                  OOO         OOO      GGG         GGG
LLL                  OOO         OOO      GGG         GGG
LLLLLLLLLLLLLLL         OOOOOOOOO            GGGGGGGGG
LLLLLLLLLLLLLLL         OOOOOOOOO            GGGGGGGGG
LLLLLLLLLLLLLLL         OOOOOOOOO            GGGGGGGGG




 *START* User BASLIB-86 [20,67]  Job  LIBLST Seq. 287 Date 13-Nov-81 01:17:32 Monitor Microsoft 1091 603a4d80j *START*
File: DSKC:LIBLST.LOG<055>[20,67] Created: 13-Nov-81 01:10:16 Printed: 13-Nov-81 01:17:42
QUEUE Switches:  /FILE:ASCII /COPIES:1 /SPACING:1 /LIMIT:759 /FORMS:NORMAL





LLL                     IIIIIIIII         BBBBBBBBBBBB         LLL                     SSSSSSSSSSSS      TTTTTTTTTTTTTTT
LLL                     IIIIIIIII         BBBBBBBBBBBB         LLL                     SSSSSSSSSSSS      TTTTTTTTTTTTTTT
LLL                     IIIIIIIII         BBBBBBBBBBBB         LLL                     SSSSSSSSSSSS      TTTTTTTTTTTTTTT
LLL                        III            BBB         BBB      LLL                  SSS                        TTT
LLL                        III            BBB         BBB      LLL                  SSS                        TTT
LLL                        III            BBB         BBB      LLL                  SSS                        TTT
LLL                        III            BBB         BBB      LLL                  SSS                        TTT
LLL                        III            BBB         BBB      LLL                  SSS                        TTT
LLL                        III            BBB         BBB      LLL                  SSS                        TTT
LLL                        III            BBBBBBBBBBBB         LLL                     SSSSSSSSS               TTT      
LLL                        III            BBBBBBBBBBBB         LLL                     SSSSSSSSS               TTT      
LLL                        III            BBBBBBBBBBBB         LLL                     SSSSSSSSS               TTT      
LLL                        III            BBB         BBB      LLL                              SSS            TTT
LLL                        III            BBB         BBB      LLL                              SSS            TTT
LLL                        III            BBB         BBB      LLL                              SSS            TTT
LLL                        III            BBB         BBB      LLL                              SSS            TTT
LLL                        III            BBB         BBB      LLL                              SSS            TTT
LLL                        III            BBB         BBB      LLL                              SSS            TTT
LLLLLLLLLLLLLLL         IIIIIIIII         BBBBBBBBBBBB         LLLLLLLLLLLLLLL      SSSSSSSSSSSS               TTT      
LLLLLLLLLLLLLLL         IIIIIIIII         BBBBBBBBBBBB         LLLLLLLLLLLLLLL      SSSSSSSSSSSS               TTT      
LLLLLLLLLLLLLLL         IIIIIIIII         BBBBBBBBBBBB         LLLLLLLLLLLLLLL      SSSSSSSSSSSS               TTT      




LLL                     OOOOOOOOO            GGGGGGGGGGGG
LLL                     OOOOOOOOO            GGGGGGGGGGGG
LLL                     OOOOOOOOO            GGGGGGGGGGGG
LLL                  OOO         OOO      GGG
LLL                  OOO         OOO      GGG
LLL                  OOO         OOO      GGG
LLL                  OOO         OOO      GGG
LLL                  OOO         OOO      GGG
LLL                  OOO         OOO      GGG
LLL                  OOO         OOO      GGG
LLL                  OOO         OOO      GGG
LLL                  OOO         OOO      GGG
LLL                  OOO         OOO      GGG
LLL                  OOO         OOO      GGG   GGGGGGGGG
LLL                  OOO         OOO      GGG   GGGGGGGGG
LLL                  OOO         OOO      GGG   GGGGGGGGG
LLL                  OOO         OOO      GGG         GGG
LLL                  OOO         OOO      GGG         GGG
LLL                  OOO         OOO      GGG         GGG
LLLLLLLLLLLLLLL         OOOOOOOOO            GGGGGGGGG
LLLLLLLLLLLLLLL         OOOOOOOOO            GGGGGGGGG
LLLLLLLLLLLLLLL         OOOOOOOOO            GGGGGGGGG




 *START* User BASLIB-86 [20,67]  Job  LIBLST Seq. 287 Date 13-Nov-81 01:17:32 Monitor Microsoft 1091 603a4d80j *START*
File: DSKC:LIBLST.LOG<055>[20,67] Created: 13-Nov-81 01:10:16 Printed: 13-Nov-81 01:17:50
QUEUE Switches:  /FILE:ASCII /COPIES:1 /SPACING:1 /LIMIT:759 /FORMS:NORMAL



00:58:12 BAJOB  BATCON version 102(2067) running LIBLST sequence 283 in stream 1
00:58:12 BAFIL  Input from DSKC:LIBLST.CTL[20,67]
00:58:12 BAFIL  Output to  DSKC:LIBLST.LOG[20,67]
00:58:12 BASUM  Job parameters
                Time:01:00:00   Unique:YES   Restart:NO   Output:LOG

00:58:12 MONTR
00:58:12 MONTR  .LOGIN 20/67 /DEFER/SPOOL:ALL/TIME:3600/NAME:"BASLIB-86"
00:58:12 USER   JOB 7 Microsoft 1091 603a4d80j TTY70
00:58:13 USER   [LGNJSP Other jobs same PPN:6]
00:58:13 USER   0058    13-Nov-81       Fri
00:58:14 MONTR
00:58:14 MONTR  .
00:58:14 BATCH  NOERRORS
00:58:14 MONTR  DEL *.LST
00:58:15 USER   Files deleted:
00:58:15 USER   POLY.LST
00:58:16 USER   CONST.LST
00:58:16 USER   INPUTF.LST
00:58:17 USER   IODISK.LST
00:58:18 USER   IODEV.LST
00:58:18 USER   INPUT.LST
00:58:19 USER   GOSTOP.LST
00:58:19 USER   PR0B.LST
00:58:19 USER   TABSPC.LST
00:58:20 USER   320 Blocks freed
00:58:20 MONTR
00:58:20 MONTR  .R ASM86;ATAN;
00:58:20 USER
00:58:20 USER   Macro-86 Assembler      [13-Nov-81]
00:58:20 USER
00:58:25 USER
00:58:25 USER   Warning Severe
00:58:25 USER   Errors  Errors
00:58:25 USER   0       0
00:58:26 MONTR
00:58:26 MONTR  EXIT
00:58:26 MONTR
00:58:26 MONTR  .R ASM86;CHAIN;
00:58:26 USER
00:58:26 USER   Macro-86 Assembler      [13-Nov-81]
00:58:26 USER
00:58:38 USER
00:58:38 USER   Warning Severe
00:58:38 USER   Errors  Errors
00:58:38 USER   0       0
00:58:40 MONTR
00:58:40 MONTR  EXIT
00:58:40 MONTR
00:58:40 MONTR  .R ASM86;CONASC;
00:58:40 USER
00:58:40 USER   Macro-86 Assembler      [13-Nov-81]
00:58:40 USER
00:58:56 USER
00:58:56 USER   Warning Severe
00:58:56 USER   Errors  Errors
00:58:56 USER   0       0
00:58:57 MONTR
00:58:57 MONTR  EXIT
00:58:57 MONTR
00:58:57 MONTR  .R ASM86;CONST;
00:58:57 USER
00:58:57 USER   Macro-86 Assembler      [13-Nov-81]
00:58:57 USER
00:59:01 USER
00:59:01 USER   Warning Severe
00:59:01 USER   Errors  Errors
00:59:01 USER   0       0
00:59:02 MONTR
00:59:02 MONTR  EXIT
00:59:02 MONTR
00:59:02 MONTR  .R ASM86;CONV;
00:59:02 USER
00:59:02 USER   Macro-86 Assembler      [13-Nov-81]
00:59:02 USER
00:59:11 USER
00:59:11 USER   Warning Severe
00:59:11 USER   Errors  Errors
00:59:11 USER   0       0
00:59:12 MONTR
00:59:12 MONTR  EXIT
00:59:12 MONTR
00:59:12 MONTR  .R ASM86;DATAN;
00:59:12 USER
00:59:12 USER   Macro-86 Assembler      [13-Nov-81]
00:59:12 USER
00:59:18 USER
00:59:18 USER   Warning Severe
00:59:18 USER   Errors  Errors
00:59:18 USER   0       0
00:59:19 MONTR
00:59:19 MONTR  EXIT
00:59:19 MONTR
00:59:19 MONTR  .R ASM86;DEXP;
00:59:19 USER
00:59:19 USER   Macro-86 Assembler      [13-Nov-81]
00:59:19 USER
00:59:26 USER
00:59:26 USER   Warning Severe
00:59:26 USER   Errors  Errors
00:59:26 USER   0       0
00:59:26 MONTR
00:59:26 MONTR  EXIT
00:59:26 MONTR
00:59:26 MONTR  .R ASM86;DLOG;
00:59:26 USER
00:59:27 USER   Macro-86 Assembler      [13-Nov-81]
00:59:27 USER
00:59:32 USER
00:59:32 USER   Warning Severe
00:59:32 USER   Errors  Errors
00:59:32 USER   0       0
00:59:32 MONTR
00:59:32 MONTR  EXIT
00:59:32 MONTR
00:59:32 MONTR  .R ASM86;DPWR;
00:59:32 USER
00:59:33 USER   Macro-86 Assembler      [13-Nov-81]
00:59:33 USER
00:59:41 USER
00:59:41 USER   Warning Severe
00:59:41 USER   Errors  Errors
00:59:41 USER   0       0
00:59:42 MONTR
00:59:42 MONTR  EXIT
00:59:42 MONTR
00:59:42 MONTR  .R ASM86;DSIN;
00:59:42 USER
00:59:43 USER   Macro-86 Assembler      [13-Nov-81]
00:59:43 USER
00:59:48 USER
00:59:48 USER   Warning Severe
00:59:48 USER   Errors  Errors
00:59:48 USER   0       0
00:59:49 MONTR
00:59:49 MONTR  EXIT
00:59:49 MONTR
00:59:49 MONTR  .R ASM86;DMATH;
00:59:49 USER
00:59:49 USER   Macro-86 Assembler      [13-Nov-81]
00:59:49 USER
01:00:14 USER
01:00:14 USER   Warning Severe
01:00:14 USER   Errors  Errors
01:00:14 USER   0       0
01:00:15 MONTR
01:00:15 MONTR  EXIT
01:00:15 MONTR
01:00:15 MONTR  .R ASM86;DOSDAT;
01:00:15 USER
01:00:15 USER   Macro-86 Assembler      [13-Nov-81]
01:00:15 USER
01:00:26 USER
01:00:26 USER   Warning Severe
01:00:26 USER   Errors  Errors
01:00:26 USER   0       0
01:00:26 MONTR
01:00:26 MONTR  EXIT
01:00:26 MONTR
01:00:26 MONTR  .R ASM86;DOSIO;
01:00:26 USER
01:00:26 USER   Macro-86 Assembler      [13-Nov-81]
01:00:26 USER
01:00:28 USER   !   MSDOS Version
01:00:43 USER
01:00:43 USER   Warning Severe
01:00:43 USER   Errors  Errors
01:00:43 USER   0       0
01:00:44 MONTR
01:00:44 MONTR  EXIT
01:00:44 MONTR
01:00:44 MONTR  .R ASM86;DSQRT;
01:00:44 USER
01:00:44 USER   Macro-86 Assembler      [13-Nov-81]
01:00:44 USER
01:00:47 USER
01:00:47 USER   Warning Severe
01:00:47 USER   Errors  Errors
01:00:47 USER   0       0
01:00:47 MONTR
01:00:47 MONTR  EXIT
01:00:47 MONTR
01:00:47 MONTR  .R ASM86;ERROR;
01:00:47 USER
01:00:48 USER   Macro-86 Assembler      [13-Nov-81]
01:00:48 USER
01:00:53 USER
01:00:53 USER   Warning Severe
01:00:53 USER   Errors  Errors
01:00:53 USER   0       0
01:00:54 MONTR
01:00:54 MONTR  EXIT
01:00:54 MONTR
01:00:54 MONTR  .R ASM86;EXP;
01:00:54 USER
01:00:54 USER   Macro-86 Assembler      [13-Nov-81]
01:00:54 USER
01:00:58 USER
01:00:58 USER   Warning Severe
01:00:58 USER   Errors  Errors
01:00:58 USER   0       0
01:00:59 MONTR
01:00:59 MONTR  EXIT
01:00:59 MONTR
01:00:59 MONTR  .R ASM86;FCOMP;
01:00:59 USER
01:00:59 USER   Macro-86 Assembler      [13-Nov-81]
01:00:59 USER
01:01:02 USER
01:01:02 USER   Warning Severe
01:01:02 USER   Errors  Errors
01:01:02 USER   0       0
01:01:03 MONTR
01:01:03 MONTR  EXIT
01:01:03 MONTR
01:01:03 MONTR  .R ASM86;FIELD;
01:01:03 USER
01:01:03 USER   Macro-86 Assembler      [13-Nov-81]
01:01:03 USER
01:01:04 USER   !   MSDOS Version
01:01:13 USER
01:01:13 USER   Warning Severe
01:01:13 USER   Errors  Errors
01:01:13 USER   0       0
01:01:13 MONTR
01:01:13 MONTR  EXIT
01:01:13 MONTR
01:01:13 MONTR  .R ASM86;FIN;
01:01:13 USER
01:01:14 USER   Macro-86 Assembler      [13-Nov-81]
01:01:14 USER
01:01:29 USER
01:01:29 USER   Warning Severe
01:01:29 USER   Errors  Errors
01:01:29 USER   0       0
01:01:29 MONTR
01:01:29 MONTR  EXIT
01:01:29 MONTR
01:01:29 MONTR  .R ASM86;FLOAT;
01:01:29 USER
01:01:30 USER   Macro-86 Assembler      [13-Nov-81]
01:01:30 USER
01:01:35 USER
01:01:35 USER   Warning Severe
01:01:35 USER   Errors  Errors
01:01:35 USER   0       0
01:01:35 MONTR
01:01:35 MONTR  EXIT
01:01:35 MONTR
01:01:35 MONTR  .R ASM86;FOUT;
01:01:35 USER
01:01:35 USER   Macro-86 Assembler      [13-Nov-81]
01:01:35 USER
01:01:42 USER
01:01:42 USER   Warning Severe
01:01:42 USER   Errors  Errors
01:01:42 USER   0       0
01:01:42 MONTR
01:01:42 MONTR  EXIT
01:01:42 MONTR
01:01:42 MONTR  .R ASM86;GOSTOP;
01:01:42 USER
01:01:43 USER   Macro-86 Assembler      [13-Nov-81]
01:01:43 USER
01:01:43 USER   !   MSDOS Version
01:02:57 USER
01:02:57 USER   Warning Severe
01:02:57 USER   Errors  Errors
01:02:57 USER   0       0
01:02:58 MONTR
01:02:58 MONTR  EXIT
01:02:58 MONTR
01:02:58 MONTR  .R ASM86;GOSUB;
01:02:58 USER
01:02:59 USER   Macro-86 Assembler      [13-Nov-81]
01:02:59 USER
01:03:03 USER
01:03:03 USER   Warning Severe
01:03:03 USER   Errors  Errors
01:03:03 USER   0       0
01:03:04 MONTR
01:03:04 MONTR  EXIT
01:03:04 MONTR
01:03:04 MONTR  .R ASM86;HEXOCT;
01:03:04 USER
01:03:04 USER   Macro-86 Assembler      [13-Nov-81]
01:03:04 USER
01:03:08 USER
01:03:08 USER   Warning Severe
01:03:08 USER   Errors  Errors
01:03:08 USER   0       0
01:03:09 MONTR
01:03:09 MONTR  EXIT
01:03:09 MONTR
01:03:09 MONTR  .R ASM86;INPDSK;
01:03:09 USER
01:03:09 USER   Macro-86 Assembler      [13-Nov-81]
01:03:09 USER
01:03:10 USER   !   MSDOS Version
01:03:20 USER
01:03:20 USER   Warning Severe
01:03:20 USER   Errors  Errors
01:03:20 USER   0       0
01:03:20 MONTR
01:03:20 MONTR  EXIT
01:03:20 MONTR
01:03:20 MONTR  .R ASM86;INPTTY;
01:03:20 USER
01:03:21 USER   Macro-86 Assembler      [13-Nov-81]
01:03:21 USER
01:03:24 USER
01:03:24 USER   Warning Severe
01:03:24 USER   Errors  Errors
01:03:24 USER   0       0
01:03:24 MONTR
01:03:24 MONTR  EXIT
01:03:24 MONTR
01:03:24 MONTR  .R ASM86;INPUT;
01:03:24 USER
01:03:25 USER   Macro-86 Assembler      [13-Nov-81]
01:03:25 USER
01:03:33 USER
01:03:33 USER   Warning Severe
01:03:33 USER   Errors  Errors
01:03:33 USER   0       0
01:03:34 MONTR
01:03:34 MONTR  EXIT
01:03:34 MONTR
01:03:34 MONTR  .R ASM86;INPUTF;
01:03:34 USER
01:03:34 USER   Macro-86 Assembler      [13-Nov-81]
01:03:34 USER
01:03:35 USER   !   MSDOS Version
01:03:43 USER
01:03:43 USER   Warning Severe
01:03:43 USER   Errors  Errors
01:03:43 USER   0       0
01:03:44 MONTR
01:03:44 MONTR  EXIT
01:03:44 MONTR
01:03:44 MONTR  .R ASM86;IODATA;
01:03:44 USER
01:03:44 USER   Macro-86 Assembler      [13-Nov-81]
01:03:44 USER
01:03:54 USER
01:03:54 USER   Warning Severe
01:03:54 USER   Errors  Errors
01:03:54 USER   0       0
01:03:55 MONTR
01:03:55 MONTR  EXIT
01:03:55 MONTR
01:03:55 MONTR  .R ASM86;IODEV;
01:03:55 USER
01:03:55 USER   Macro-86 Assembler      [13-Nov-81]
01:03:55 USER
01:03:56 USER   !   MSDOS Version
01:04:29 USER
01:04:29 USER   Warning Severe
01:04:29 USER   Errors  Errors
01:04:29 USER   0       0
01:04:29 MONTR
01:04:29 MONTR  EXIT
01:04:29 MONTR
01:04:29 MONTR  .R ASM86;IODISK;
01:04:29 USER
01:04:29 USER   Macro-86 Assembler      [13-Nov-81]
01:04:29 USER
01:04:30 USER   !   MSDOS Version
01:05:16 USER
01:05:16 USER   Warning Severe
01:05:16 USER   Errors  Errors
01:05:16 USER   0       0
01:05:16 MONTR
01:05:16 MONTR  EXIT
01:05:16 MONTR
01:05:16 MONTR  .R ASM86;IOFILM;
01:05:16 USER
01:05:16 USER   Macro-86 Assembler      [13-Nov-81]
01:05:16 USER
01:05:17 USER   !   MSDOS Version
01:05:28 USER
01:05:28 USER   Warning Severe
01:05:28 USER   Errors  Errors
01:05:28 USER   0       0
01:05:29 MONTR
01:05:29 MONTR  EXIT
01:05:29 MONTR
01:05:29 MONTR  .R ASM86;IOLPT;
01:05:29 USER
01:05:29 USER   Macro-86 Assembler      [13-Nov-81]
01:05:29 USER
01:05:30 USER   !   MSDOS Version
01:05:44 USER
01:05:44 USER   Warning Severe
01:05:44 USER   Errors  Errors
01:05:44 USER   0       0
01:05:44 MONTR
01:05:44 MONTR  EXIT
01:05:44 MONTR
01:05:44 MONTR  .R ASM86;IOTTY;
01:05:44 USER
01:05:45 USER   Macro-86 Assembler      [13-Nov-81]
01:05:45 USER
01:05:46 USER   !   MSDOS Version
01:06:01 USER
01:06:01 USER   Warning Severe
01:06:01 USER   Errors  Errors
01:06:01 USER   0       0
01:06:02 MONTR
01:06:02 MONTR  EXIT
01:06:02 MONTR
01:06:02 MONTR  .R ASM86;LININP;
01:06:02 USER
01:06:02 USER   Macro-86 Assembler      [13-Nov-81]
01:06:02 USER
01:06:04 USER
01:06:04 USER   Warning Severe
01:06:04 USER   Errors  Errors
01:06:04 USER   0       0
01:06:05 MONTR
01:06:05 MONTR  EXIT
01:06:05 MONTR
01:06:05 MONTR  .R ASM86;LOG;
01:06:05 USER
01:06:05 USER   Macro-86 Assembler      [13-Nov-81]
01:06:05 USER
01:06:09 USER
01:06:09 USER   Warning Severe
01:06:09 USER   Errors  Errors
01:06:09 USER   0       0
01:06:10 MONTR
01:06:10 MONTR  EXIT
01:06:10 MONTR
01:06:10 MONTR  .R ASM86;MID;
01:06:10 USER
01:06:10 USER   Macro-86 Assembler      [13-Nov-81]
01:06:10 USER
01:06:13 USER
01:06:13 USER   Warning Severe
01:06:13 USER   Errors  Errors
01:06:13 USER   0       0
01:06:14 MONTR
01:06:14 MONTR  EXIT
01:06:14 MONTR
01:06:14 MONTR  .R ASM86;NUMFCN;
01:06:14 USER
01:06:14 USER   Macro-86 Assembler      [13-Nov-81]
01:06:14 USER
01:06:26 USER
01:06:26 USER   Warning Severe
01:06:26 USER   Errors  Errors
01:06:26 USER   0       0
01:06:27 MONTR
01:06:27 MONTR  EXIT
01:06:27 MONTR
01:06:27 MONTR  .R ASM86;OUT;
01:06:27 USER
01:06:27 USER   Macro-86 Assembler      [13-Nov-81]
01:06:27 USER
01:06:28 USER   !   MSDOS Version
01:06:38 USER
01:06:38 USER   Warning Severe
01:06:38 USER   Errors  Errors
01:06:38 USER   0       0
01:06:39 MONTR
01:06:39 MONTR  EXIT
01:06:39 MONTR
01:06:39 MONTR  .R ASM86;POLY;
01:06:39 USER
01:06:39 USER   Macro-86 Assembler      [13-Nov-81]
01:06:39 USER
01:06:44 USER
01:06:44 USER   Warning Severe
01:06:44 USER   Errors  Errors
01:06:44 USER   0       0
01:06:45 MONTR
01:06:45 MONTR  EXIT
01:06:45 MONTR
01:06:45 MONTR  .R ASM86;PR0A;
01:06:45 USER
01:06:45 USER   Macro-86 Assembler      [13-Nov-81]
01:06:45 USER
01:06:46 USER   !   MSDOS Version
01:06:54 USER
01:06:54 USER   Warning Severe
01:06:54 USER   Errors  Errors
01:06:54 USER   0       0
01:06:55 MONTR
01:06:55 MONTR  EXIT
01:06:55 MONTR
01:06:55 MONTR  .R ASM86;PR0B;
01:06:55 USER
01:06:55 USER   Macro-86 Assembler      [13-Nov-81]
01:06:55 USER
01:06:56 USER   !   MSDOS Version
01:07:04 USER
01:07:04 USER   Warning Severe
01:07:04 USER   Errors  Errors
01:07:04 USER   0       0
01:07:05 MONTR
01:07:05 MONTR  EXIT
01:07:05 MONTR
01:07:05 MONTR  .R ASM86;PRNVAL;
01:07:05 USER
01:07:05 USER   Macro-86 Assembler      [13-Nov-81]
01:07:05 USER
01:07:13 USER
01:07:13 USER   Warning Severe
01:07:13 USER   Errors  Errors
01:07:13 USER   0       0
01:07:13 MONTR
01:07:13 MONTR  EXIT
01:07:13 MONTR
01:07:13 MONTR  .R ASM86;PRTU;
01:07:13 USER
01:07:14 USER   Macro-86 Assembler      [13-Nov-81]
01:07:14 USER
01:07:25 USER
01:07:25 USER   Warning Severe
01:07:25 USER   Errors  Errors
01:07:25 USER   0       0
01:07:26 MONTR
01:07:26 MONTR  EXIT
01:07:26 MONTR
01:07:26 MONTR  .R ASM86;PUFOUT;
01:07:26 USER
01:07:26 USER   Macro-86 Assembler      [13-Nov-81]
01:07:26 USER
01:07:36 USER
01:07:36 USER   Warning Severe
01:07:37 USER   Errors  Errors
01:07:37 USER   0       0
01:07:37 MONTR
01:07:37 MONTR  EXIT
01:07:37 MONTR
01:07:37 MONTR  .R ASM86;PWR;
01:07:37 USER
01:07:38 USER   Macro-86 Assembler      [13-Nov-81]
01:07:38 USER
01:07:45 USER
01:07:45 USER   Warning Severe
01:07:45 USER   Errors  Errors
01:07:45 USER   0       0
01:07:46 MONTR
01:07:46 MONTR  EXIT
01:07:46 MONTR
01:07:46 MONTR  .R ASM86;RANDOM;
01:07:46 USER
01:07:46 USER   Macro-86 Assembler      [13-Nov-81]
01:07:46 USER
01:07:51 USER
01:07:51 USER   Warning Severe
01:07:51 USER   Errors  Errors
01:07:51 USER   0       0
01:07:51 MONTR
01:07:51 MONTR  EXIT
01:07:51 MONTR
01:07:51 MONTR  .R ASM86;RDLIN;
01:07:51 USER
01:07:52 USER   Macro-86 Assembler      [13-Nov-81]
01:07:52 USER
01:07:53 USER
01:07:53 USER   Warning Severe
01:07:53 USER   Errors  Errors
01:07:53 USER   0       0
01:07:54 MONTR
01:07:54 MONTR  EXIT
01:07:54 MONTR
01:07:54 MONTR  .R ASM86;READ;
01:07:54 USER
01:07:54 USER   Macro-86 Assembler      [13-Nov-81]
01:07:54 USER
01:08:00 USER
01:08:00 USER   Warning Severe
01:08:00 USER   Errors  Errors
01:08:00 USER   0       0
01:08:01 MONTR
01:08:01 MONTR  EXIT
01:08:01 MONTR
01:08:01 MONTR  .R ASM86;RLSET;
01:08:01 USER
01:08:01 USER   Macro-86 Assembler      [13-Nov-81]
01:08:01 USER
01:08:05 USER
01:08:05 USER   Warning Severe
01:08:05 USER   Errors  Errors
01:08:05 USER   0       0
01:08:05 MONTR
01:08:05 MONTR  EXIT
01:08:05 MONTR
01:08:05 MONTR  .R ASM86;SINCOS;
01:08:05 USER
01:08:06 USER   Macro-86 Assembler      [13-Nov-81]
01:08:06 USER
01:08:10 USER
01:08:10 USER   Warning Severe
01:08:10 USER   Errors  Errors
01:08:11 USER   0       0
01:08:11 MONTR
01:08:11 MONTR  EXIT
01:08:11 MONTR
01:08:11 MONTR  .R ASM86;SMATH;
01:08:11 USER
01:08:11 USER   Macro-86 Assembler      [13-Nov-81]
01:08:11 USER
01:08:27 USER
01:08:27 USER   Warning Severe
01:08:27 USER   Errors  Errors
01:08:27 USER   0       0
01:08:28 MONTR
01:08:28 MONTR  EXIT
01:08:28 MONTR
01:08:28 MONTR  .R ASM86;SSQRT;
01:08:28 USER
01:08:28 USER   Macro-86 Assembler      [13-Nov-81]
01:08:28 USER
01:08:32 USER
01:08:32 USER   Warning Severe
01:08:32 USER   Errors  Errors
01:08:32 USER   0       0
01:08:33 MONTR
01:08:33 MONTR  EXIT
01:08:33 MONTR
01:08:33 MONTR  .R ASM86;STRFCN;
01:08:33 USER
01:08:33 USER   Macro-86 Assembler      [13-Nov-81]
01:08:33 USER
01:08:33 USER   !   MSDOS Version
01:08:47 USER
01:08:47 USER   Warning Severe
01:08:47 USER   Errors  Errors
01:08:47 USER   0       0
01:08:48 MONTR
01:08:48 MONTR  EXIT
01:08:48 MONTR
01:08:48 MONTR  .R ASM86;STRING;
01:08:48 USER
01:08:48 USER   Macro-86 Assembler      [13-Nov-81]
01:08:48 USER
01:08:55 USER
01:08:55 USER   Warning Severe
01:08:55 USER   Errors  Errors
01:08:55 USER   0       0
01:08:56 MONTR
01:08:56 MONTR  EXIT
01:08:56 MONTR
01:08:56 MONTR  .R ASM86;STRNUM;
01:08:56 USER
01:08:56 USER   Macro-86 Assembler      [13-Nov-81]
01:08:56 USER
01:09:01 USER
01:09:01 USER   Warning Severe
01:09:01 USER   Errors  Errors
01:09:01 USER   0       0
01:09:01 MONTR
01:09:01 MONTR  EXIT
01:09:01 MONTR
01:09:01 MONTR  .R ASM86;STRUTL;
01:09:01 USER
01:09:01 USER   Macro-86 Assembler      [13-Nov-81]
01:09:01 USER
01:09:19 USER
01:09:19 USER   Warning Severe
01:09:19 USER   Errors  Errors
01:09:19 USER   0       0
01:09:20 MONTR
01:09:20 MONTR  EXIT
01:09:20 MONTR
01:09:20 MONTR  .R ASM86;SWAP;
01:09:20 USER
01:09:20 USER   Macro-86 Assembler      [13-Nov-81]
01:09:20 USER
01:09:24 USER
01:09:24 USER   Warning Severe
01:09:24 USER   Errors  Errors
01:09:24 USER   0       0
01:09:24 MONTR
01:09:24 MONTR  EXIT
01:09:24 MONTR
01:09:24 MONTR  .R ASM86;TABSPC;
01:09:24 USER
01:09:24 USER   Macro-86 Assembler      [13-Nov-81]
01:09:24 USER
01:09:28 USER
01:09:28 USER   Warning Severe
01:09:28 USER   Errors  Errors
01:09:28 USER   0       0
01:09:28 MONTR
01:09:28 MONTR  EXIT
01:09:28 MONTR
01:09:28 MONTR  .R ASM86;TRACE;
01:09:29 USER
01:09:29 USER   Macro-86 Assembler      [13-Nov-81]
01:09:29 USER
01:09:29 USER   !   MSDOS Version
01:09:35 USER
01:09:35 USER   Warning Severe
01:09:35 USER   Errors  Errors
01:09:35 USER   0       0
01:09:35 MONTR
01:09:35 MONTR  EXIT
01:09:35 MONTR
01:09:35 MONTR  .COPY BASLIB.PRT=$.LST
01:09:48 MONTR
01:09:48 MONTR  .DEL *.LST, *.CRF
01:09:48 USER   Files deleted:
01:09:49 USER   ATAN.LST
01:09:49 USER   CHAIN.LST
01:09:49 USER   CONASC.LST
01:09:49 USER   CONST.LST
01:09:49 USER   CONV.LST
01:09:50 USER   DATAN.LST
01:09:50 USER   DEXP.LST
01:09:50 USER   DLOG.LST
01:09:50 USER   DPWR.LST
01:09:50 USER   DSIN.LST
01:09:51 USER   DMATH.LST
01:09:51 USER   DOSDAT.LST
01:09:51 USER   DOSIO.LST
01:09:51 USER   DSQRT.LST
01:09:52 USER   ERROR.LST
01:09:52 USER   EXP.LST
01:09:52 USER   FCOMP.LST
01:09:52 USER   FIELD.LST
01:09:52 USER   FIN.LST
01:09:53 USER   FLOAT.LST
01:09:53 USER   FOUT.LST
01:09:53 USER   GOSTOP.LST
01:09:53 USER   GOSUB.LST
01:09:54 USER   HEXOCT.LST
01:09:54 USER   INPDSK.LST
01:09:54 USER   INPTTY.LST
01:09:54 USER   INPUT.LST
01:09:55 USER   INPUTF.LST
01:09:55 USER   IODATA.LST
01:09:55 USER   IODEV.LST
01:09:55 USER   IODISK.LST
01:09:55 USER   IOFILM.LST
01:09:56 USER   IOLPT.LST
01:09:56 USER   IOTTY.LST
01:09:56 USER   LININP.LST
01:09:56 USER   LOG.LST
01:09:57 USER   MID.LST
01:09:57 USER   NUMFCN.LST
01:09:57 USER   OUT.LST
01:09:57 USER   POLY.LST
01:09:57 USER   PR0A.LST
01:09:58 USER   PR0B.LST
01:09:58 USER   PRNVAL.LST
01:09:58 USER   PRTU.LST
01:09:58 USER   PUFOUT.LST
01:09:59 USER   PWR.LST
01:09:59 USER   RANDOM.LST
01:09:59 USER   RDLIN.LST
01:09:59 USER   READ.LST
01:10:00 USER   RLSET.LST
01:10:00 USER   SINCOS.LST
01:10:00 USER   SMATH.LST
01:10:00 USER   SSQRT.LST
01:10:01 USER   STRFCN.LST
01:10:01 USER   STRING.LST
01:10:01 USER   STRNUM.LST
01:10:01 USER   STRUTL.LST
01:10:02 USER   SWAP.LST
01:10:02 USER   TABSPC.LST
01:10:02 USER   TRACE.LST
01:10:02 USER   DLOG.CRF
01:10:02 USER   POLY.CRF
01:10:03 USER   CONST.CRF
01:10:03 USER   INPUTF.CRF
01:10:03 USER   IODISK.CRF
01:10:03 USER   IODEV.CRF
01:10:03 USER   INPUT.CRF
01:10:03 USER   GOSTOP.CRF
01:10:04 USER   PR0B.CRF
01:10:04 USER   TABSPC.CRF
01:10:04 USER   ATAN.CRF
01:10:04 USER   CHAIN.CRF
01:10:04 USER   CONASC.CRF
01:10:05 USER   CONV.CRF
01:10:05 USER   DATAN.CRF
01:10:05 USER   DEXP.CRF
01:10:05 USER   DPWR.CRF
01:10:05 USER   DSIN.CRF
01:10:06 USER   DMATH.CRF
01:10:06 USER   DOSDAT.CRF
01:10:06 USER   DOSIO.CRF
01:10:06 USER   DSQRT.CRF
01:10:06 USER   ERROR.CRF
01:10:07 USER   EXP.CRF
01:10:07 USER   FCOMP.CRF
01:10:07 USER   FIELD.CRF
01:10:07 USER   FIN.CRF
01:10:07 USER   FLOAT.CRF
01:10:08 USER   FOUT.CRF
01:10:08 USER   GOSUB.CRF
01:10:08 USER   HEXOCT.CRF
01:10:08 USER   INPDSK.CRF
01:10:09 USER   INPTTY.CRF
01:10:09 USER   IODATA.CRF
01:10:09 USER   IOFILM.CRF
01:10:09 USER   IOLPT.CRF
01:10:09 USER   IOTTY.CRF
01:10:10 USER   LININP.CRF
01:10:10 USER   LOG.CRF
01:10:10 USER   MID.CRF
01:10:10 USER   NUMFCN.CRF
01:10:10 USER   OUT.CRF
01:10:11 USER   PR0A.CRF
01:10:11 USER   PRNVAL.CRF
01:10:11 USER   PRTU.CRF
01:10:11 USER   PUFOUT.CRF
01:10:12 USER   PWR.CRF
01:10:12 USER   RANDOM.CRF
01:10:12 USER   RDLIN.CRF
01:10:12 USER   READ.CRF
01:10:12 USER   RLSET.CRF
01:10:13 USER   SINCOS.CRF
01:10:13 USER   SMATH.CRF
01:10:13 USER   SSQRT.CRF
01:10:13 USER   STRFCN.CRF
01:10:14 USER   STRING.CRF
01:10:14 USER   STRNUM.CRF
01:10:14 USER   STRULT.CRF
01:10:14 USER   SWAP.CRF
01:10:14 USER   TRACE.CRF
01:10:15 USER   1454 Blocks freed
01:10:15 MONTR
01:10:15 MONTR  .KJOB/BATCH
01:10:16 MONTR  Job 7  User BASLIB-86 [20,67]
01:10:16 MONTR  Logged-off TTY70  at  1:10:16  on 13-Nov-81
01:10:16 MONTR  Runtime: 0:05:58, KCS:19767, Connect time: 0:12:03
01:10:16 MONTR  Disk Reads:7808, Writes:4401, Blocks saved:4550
01:10:17 LPDAT  [LPTLSJ  LPTSPL version 102(2263) running on LPT000, 13-Nov-81 01:10:17]
01:10:17 LPDAT  [LPTSJS  Starting Job LIBLST, Seq #283, request created at 13-Nov-81 01:10:17]
















BBBBBBBBBBBB            AAAAAAAAA            SSSSSSSSSSSS      LLL                     IIIIIIIII         BBBBBBBBBBBB
BBBBBBBBBBBB            AAAAAAAAA            SSSSSSSSSSSS      LLL                     IIIIIIIII         BBBBBBBBBBBB
BBBBBBBBBBBB            AAAAAAAAA            SSSSSSSSSSSS      LLL                     IIIIIIIII         BBBBBBBBBBBB
BBB         BBB      AAA         AAA      SSS                  LLL                        III            BBB         BBB
BBB         BBB      AAA         AAA      SSS                  LLL                        III            BBB         BBB
BBB         BBB      AAA         AAA      SSS                  LLL                        III            BBB         BBB
BBB         BBB      AAA         AAA      SSS                  LLL                        III            BBB         BBB
BBB         BBB      AAA         AAA      SSS                  LLL                        III            BBB         BBB
BBB         BBB      AAA         AAA      SSS                  LLL                        III            BBB         BBB
BBBBBBBBBBBB         AAA         AAA         SSSSSSSSS         LLL                        III            BBBBBBBBBBBB
BBBBBBBBBBBB         AAA         AAA         SSSSSSSSS         LLL                        III            BBBBBBBBBBBB
BBBBBBBBBBBB         AAA         AAA         SSSSSSSSS         LLL                        III            BBBBBBBBBBBB
BBB         BBB      AAAAAAAAAAAAAAA                  SSS      LLL                        III            BBB         BBB
BBB         BBB      AAAAAAAAAAAAAAA                  SSS      LLL                        III            BBB         BBB
BBB         BBB      AAAAAAAAAAAAAAA                  SSS      LLL                        III            BBB         BBB
BBB         BBB      AAA         AAA                  SSS      LLL                        III            BBB         BBB
BBB         BBB      AAA         AAA                  SSS      LLL                        III            BBB         BBB
BBB         BBB      AAA         AAA                  SSS      LLL                        III            BBB         BBB
BBBBBBBBBBBB         AAA         AAA      SSSSSSSSSSSS         LLLLLLLLLLLLLLL         IIIIIIIII         BBBBBBBBBBBB
BBBBBBBBBBBB         AAA         AAA      SSSSSSSSSSSS         LLLLLLLLLLLLLLL         IIIIIIIII         BBBBBBBBBBBB
BBBBBBBBBBBB         AAA         AAA      SSSSSSSSSSSS         LLLLLLLLLLLLLLL         IIIIIIIII         BBBBBBBBBBBB




PPPPPPPPPPPP         RRRRRRRRRRRR         TTTTTTTTTTTTTTT
PPPPPPPPPPPP         RRRRRRRRRRRR         TTTTTTTTTTTTTTT
PPPPPPPPPPPP         RRRRRRRRRRRR         TTTTTTTTTTTTTTT
PPP         PPP      PPP         PPP            TTT
PPP         PPP      PPP         PPP            TTT
PPP         PPP      PPP         PPP            TTT
PPP         PPP      PPP         PPP            TTT
PPP         PPP      PPP         PPP            TTT
PPP         PPP      PPP         PPP            TTT
PPPPPPPPPPPP         RRRRRRRRRRRR               TTT
PPPPPPPPPPPP         RRRRRRRRRRRR               TTT
PPPPPPPPPPPP         RRRRRRRRRRRR               TTT
PPP                  RRR   RRR                  TTT
PPP                  RRR   RRR                  TTT
PPP                  RRR   RRR                  TTT
PPP                  RRR      RRR               TTT
PPP                  RRR      RRR               TTT
PPP                  RRR      RRR               TTT
PPP                  RRR         RRR            TTT
PPP                  RRR         RRR            TTT
PPP                  RRR         RRR            TTT




 *START* User BASLIB-86 [20,67]  Job  LIBLST Seq. 287 Date 13-Nov-81 01:17:32 Monitor Microsoft 1091 603a4d80j *START*
File: DSKC:BASLIB.PRT<055>[20,67] Created: 13-Nov-81 01:09:35 Printed: 13-Nov-81 01:19:29
QUEUE Switches:  /FILE:ASCII /COPIES:1 /SPACING:1 /LIMIT:759 /FORMS:NORMAL




BBBBBBBBBBBB            AAAAAAAAA            SSSSSSSSSSSS      LLL                     IIIIIIIII         BBBBBBBBBBBB
BBBBBBBBBBBB            AAAAAAAAA            SSSSSSSSSSSS      LLL                     IIIIIIIII         BBBBBBBBBBBB
BBBBBBBBBBBB            AAAAAAAAA            SSSSSSSSSSSS      LLL                     IIIIIIIII         BBBBBBBBBBBB
BBB         BBB      AAA         AAA      SSS                  LLL                        III            BBB         BBB
BBB         BBB      AAA         AAA      SSS                  LLL                        III            BBB         BBB
BBB         BBB      AAA         AAA      SSS                  LLL                        III            BBB         BBB
BBB         BBB      AAA         AAA      SSS                  LLL                        III            BBB         BBB
BBB         BBB      AAA         AAA      SSS                  LLL                        III            BBB         BBB
BBB         BBB      AAA         AAA      SSS                  LLL                        III            BBB         BBB
BBBBBBBBBBBB         AAA         AAA         SSSSSSSSS         LLL                        III            BBBBBBBBBBBB
BBBBBBBBBBBB         AAA         AAA         SSSSSSSSS         LLL                        III            BBBBBBBBBBBB
BBBBBBBBBBBB         AAA         AAA         SSSSSSSSS         LLL                        III            BBBBBBBBBBBB
BBB         BBB      AAAAAAAAAAAAAAA                  SSS      LLL                        III            BBB         BBB
BBB         BBB      AAAAAAAAAAAAAAA                  SSS      LLL                        III            BBB         BBB
BBB         BBB      AAAAAAAAAAAAAAA                  SSS      LLL                        III            BBB         BBB
BBB         BBB      AAA         AAA                  SSS      LLL                        III            BBB         BBB
BBB         BBB      AAA         AAA                  SSS      LLL                        III            BBB         BBB
BBB         BBB      AAA         AAA                  SSS      LLL                        III            BBB         BBB
BBBBBBBBBBBB         AAA         AAA      SSSSSSSSSSSS         LLLLLLLLLLLLLLL         IIIIIIIII         BBBBBBBBBBBB
BBBBBBBBBBBB         AAA         AAA      SSSSSSSSSSSS         LLLLLLLLLLLLLLL         IIIIIIIII         BBBBBBBBBBBB
BBBBBBBBBBBB         AAA         AAA      SSSSSSSSSSSS         LLLLLLLLLLLLLLL         IIIIIIIII         BBBBBBBBBBBB




PPPPPPPPPPPP         RRRRRRRRRRRR         TTTTTTTTTTTTTTT
PPPPPPPPPPPP         RRRRRRRRRRRR         TTTTTTTTTTTTTTT
PPPPPPPPPPPP         RRRRRRRRRRRR         TTTTTTTTTTTTTTT
PPP         PPP      PPP         PPP            TTT
PPP         PPP      PPP         PPP            TTT
PPP         PPP      PPP         PPP            TTT
PPP         PPP      PPP         PPP            TTT
PPP         PPP      PPP         PPP            TTT
PPP         PPP      PPP         PPP            TTT
PPPPPPPPPPPP         RRRRRRRRRRRR               TTT
PPPPPPPPPPPP         RRRRRRRRRRRR               TTT
PPPPPPPPPPPP         RRRRRRRRRRRR               TTT
PPP                  RRR   RRR                  TTT
PPP                  RRR   RRR                  TTT
PPP                  RRR   RRR                  TTT
PPP                  RRR      RRR               TTT
PPP                  RRR      RRR               TTT
PPP                  RRR      RRR               TTT
PPP                  RRR         RRR            TTT
PPP                  RRR         RRR            TTT
PPP                  RRR         RRR            TTT




 *START* User BASLIB-86 [20,67]  Job  LIBLST Seq. 287 Date 13-Nov-81 01:17:32 Monitor Microsoft 1091 603a4d80j *START*
File: DSKC:BASLIB.PRT<055>[20,67] Created: 13-Nov-81 01:09:35 Printed: 13-Nov-81 01:19:35
QUEUE Switches:  /FILE:ASCII /COPIES:1 /SPACING:1 /LIMIT:759 /FORMS:NORMAL




